../Drivers/CMSIS/Include/core_cm4.h:2059:26:ITM_SendChar	16	static,ignoring_inline_asm
../Core/Src/main.c:52:6:debug_printf	272	static
../Core/Src/main.c:67:6:vTask1	16	static
../Core/Src/main.c:80:6:vTask2	16	static
../Core/Src/main.c:115:5:main	56	static
../Core/Src/main.c:202:6:SystemClock_Config	96	static
../Core/Src/main.c:252:13:MX_USART2_UART_Init	8	static
../Core/Src/main.c:287:13:MX_GPIO_Init	48	static
../Core/Src/main.c:332:6:StartDefaultTask	16	static
../Core/Src/main.c:347:6:Error_Handler	4	static,ignoring_inline_asm
