../Drivers/CMSIS/Include/core_cm4.h:2059:26:ITM_SendChar	16	static,ignoring_inline_asm
../Core/Src/main.c:65:6:debug_printf	272	static
../Core/Src/main.c:83:6:Task1_Handler	16	static
../Core/Src/main.c:92:6:Task2_Handler	16	static
../Core/Src/main.c:101:6:vApplicationIdleHook	4	static,ignoring_inline_asm
../Core/Src/main.c:111:5:main	56	static
../Core/Src/main.c:190:6:SystemClock_Config	96	static
../Core/Src/main.c:240:13:MX_USART2_UART_Init	8	static
../Core/Src/main.c:275:13:MX_GPIO_Init	48	static
../Core/Src/main.c:320:6:StartDefaultTask	16	static
../Core/Src/main.c:335:6:Error_Handler	4	static,ignoring_inline_asm
