../Drivers/CMSIS/Include/core_cm4.h:2059:26:ITM_SendChar	16	static,ignoring_inline_asm
../Core/Src/main.c:64:6:debug_printf	272	static
../Core/Src/main.c:91:5:main	56	static
../Core/Src/main.c:181:6:SystemClock_Config	96	static
../Core/Src/main.c:231:13:MX_USART2_UART_Init	8	static
../Core/Src/main.c:266:13:MX_GPIO_Init	48	static
../Core/Src/main.c:301:6:DoWork	16	static
../Core/Src/main.c:306:6:Teacher_Task	24	static,ignoring_inline_asm
../Core/Src/main.c:328:6:student_Task	24	static
../Core/Src/main.c:357:6:StartDefaultTask	16	static
../Core/Src/main.c:372:6:Error_Handler	4	static,ignoring_inline_asm
