2025-11-04 09:27:49,191 [INFO] Activator:176 - 


2025-11-04 09:27:49,191 [INFO] Activator:177 - !SESSION log4j initialized
2025-11-04 09:27:55,271 [INFO] LogOutputStream:77 - [STDOUT_REDIRECT] 
2025-11-04 09:27:56,287 [INFO] ApplicationProperties:184 - Using Application install path: C:\ST\STM32CubeIDE_1.18.1\STM32CubeIDE\plugins\com.st.stm32cube.common.mx_6.14.1.202504091515
2025-11-04 09:27:56,311 [INFO] DbMcusXml:78 - Set database path to: C:\ST\STM32CubeIDE_1.18.1\STM32CubeIDE\plugins\com.st.stm32cube.common.mx_6.14.1.202504091515\\db\/mcu/
2025-11-04 09:27:56,311 [INFO] ApiDb:274 - Set plugin database path to: C:\ST\STM32CubeIDE_1.18.1\STM32CubeIDE\plugins\com.st.stm32cube.common.mx_6.14.1.202504091515\\db\/plugins/boardmanager/
2025-11-04 09:27:56,312 [WARN] ApiDb:259 - Overriding images path with different value:  => C:\ST\STM32CubeIDE_1.18.1\STM32CubeIDE\plugins\com.st.stm32cube.common.mx_6.14.1.202504091515\\db\/plugins/mcufinder/images/
2025-11-04 09:27:56,327 [INFO] ApiDb:250 - Set database path to: C:\Users\siree\.stmcufinder\plugins\mcufinder//mcu/
2025-11-04 09:27:56,328 [INFO] DbMcusAds:125 - Set database path to: C:\Users\siree\.stmcufinder\plugins\mcufinder//mcu/
2025-11-04 09:27:56,331 [INFO] CrossReferenceDbSqlite:203 - Set database path to: C:\Users\siree\.stmcufinder\plugins\mcufinder//mcu/cs/
2025-11-04 09:27:56,444 [INFO] RulesReader:64 - Compatibility file has been processed (302 Rules)
2025-11-04 09:27:56,540 [INFO] DbMcusXml:78 - Set database path to: C:\ST\STM32CubeIDE_1.18.1\STM32CubeIDE\plugins\com.st.stm32cube.common.mx_6.14.1.202504091515\\db\/mcu/
2025-11-04 09:27:56,540 [INFO] ApiDb:274 - Set plugin database path to: C:\ST\STM32CubeIDE_1.18.1\STM32CubeIDE\plugins\com.st.stm32cube.common.mx_6.14.1.202504091515\\db\/plugins/boardmanager/
2025-11-04 09:27:56,541 [INFO] ApiDb:261 - Set plugin images path to: C:\ST\STM32CubeIDE_1.18.1\STM32CubeIDE\plugins\com.st.stm32cube.common.mx_6.14.1.202504091515\\db\/plugins/mcufinder/images/
2025-11-04 09:27:56,541 [WARN] DbFile:41 - Overriding database path with different value: C:\Users\siree\.stmcufinder\plugins\mcufinder/ => C:\Users\siree\.stmcufinder\plugins\mcufinder
2025-11-04 09:27:56,541 [INFO] ApiDb:250 - Set database path to: C:\Users\siree\.stmcufinder\plugins\mcufinder//mcu/
2025-11-04 09:27:56,541 [WARN] DbFile:41 - Overriding database path with different value: C:\Users\siree\.stmcufinder\plugins\mcufinder/ => C:\Users\siree\.stmcufinder\plugins\mcufinder
2025-11-04 09:27:56,541 [INFO] DbMcusAds:125 - Set database path to: C:\Users\siree\.stmcufinder\plugins\mcufinder//mcu/
2025-11-04 09:27:56,541 [WARN] DbFile:41 - Overriding database path with different value: C:\Users\siree\.stmcufinder\plugins\mcufinder/ => C:\Users\siree\.stmcufinder\plugins\mcufinder
2025-11-04 09:27:56,541 [WARN] DbFile:41 - Overriding database path with different value: C:\Users\siree\.stmcufinder\plugins\mcufinder/ => C:\Users\siree\.stmcufinder\plugins\mcufinder
2025-11-04 09:27:56,541 [INFO] CrossReferenceDbSqlite:203 - Set database path to: C:\Users\siree\.stmcufinder\plugins\mcufinder//mcu/cs/
2025-11-04 09:27:56,638 [INFO] MainPanel:272 - HeapMemory: 268435456
2025-11-04 09:27:56,772 [INFO] DbMcusXml:78 - Set database path to: C:\ST\STM32CubeIDE_1.18.1\STM32CubeIDE\plugins\com.st.stm32cube.common.mx_6.14.1.202504091515\\db\/mcu/
2025-11-04 09:27:56,772 [INFO] ApiDb:274 - Set plugin database path to: C:\ST\STM32CubeIDE_1.18.1\STM32CubeIDE\plugins\com.st.stm32cube.common.mx_6.14.1.202504091515\\db\/plugins/boardmanager/
2025-11-04 09:27:56,772 [INFO] ApiDb:261 - Set plugin images path to: C:\ST\STM32CubeIDE_1.18.1\STM32CubeIDE\plugins\com.st.stm32cube.common.mx_6.14.1.202504091515\\db\/plugins/mcufinder/images/
2025-11-04 09:27:56,772 [WARN] DbFile:41 - Overriding database path with different value: C:\Users\siree\.stmcufinder\plugins\mcufinder/ => C:\Users\siree\.stmcufinder\plugins\mcufinder
2025-11-04 09:27:56,773 [INFO] ApiDb:250 - Set database path to: C:\Users\siree\.stmcufinder\plugins\mcufinder//mcu/
2025-11-04 09:27:56,773 [WARN] DbFile:41 - Overriding database path with different value: C:\Users\siree\.stmcufinder\plugins\mcufinder/ => C:\Users\siree\.stmcufinder\plugins\mcufinder
2025-11-04 09:27:56,773 [INFO] DbMcusAds:125 - Set database path to: C:\Users\siree\.stmcufinder\plugins\mcufinder//mcu/
2025-11-04 09:27:56,773 [WARN] DbFile:41 - Overriding database path with different value: C:\Users\siree\.stmcufinder\plugins\mcufinder/ => C:\Users\siree\.stmcufinder\plugins\mcufinder
2025-11-04 09:27:56,773 [WARN] DbFile:41 - Overriding database path with different value: C:\Users\siree\.stmcufinder\plugins\mcufinder/ => C:\Users\siree\.stmcufinder\plugins\mcufinder
2025-11-04 09:27:56,773 [INFO] CrossReferenceDbSqlite:203 - Set database path to: C:\Users\siree\.stmcufinder\plugins\mcufinder//mcu/cs/
2025-11-04 09:27:56,795 [INFO] ApplicationProperties:184 - Using Application install path: C:\ST\STM32CubeIDE_1.18.1\STM32CubeIDE\plugins\com.st.stm32cube.common.mx_6.14.1.202504091515
2025-11-04 09:27:56,796 [INFO] PluginManage:196 - Search for loadable plugins [exclusion list=, ]
2025-11-04 09:27:56,798 [INFO] PluginManage:310 - Check plugin analytics
2025-11-04 09:27:56,995 [INFO] AnalyticsPlugin:253 - Accepted Software Licenses: 
2025-11-04 09:27:56,996 [INFO] AnalyticsPlugin:255 - Accepted CMSIS Pack Licenses: 
2025-11-04 09:27:56,996 [INFO] AnalyticsPlugin:257 - Accepted Firmware Licenses: FW.L4.1.18.0,FW.F4.1.28.0,FW.C0.1.4.0,FW.F7.1.17.0,FW.G0.1.6.0,FW.G4.1.6.0,FW.H5.1.5.0,FW.H7.1.12.0,FW.L5.1.5.0,FW.MP1.1.7.0
2025-11-04 09:27:56,998 [INFO] PluginManage:359 - Loaded plugin analytics (category:tool,tabindex:-1)
2025-11-04 09:27:56,998 [INFO] PluginManage:310 - Check plugin cadmodel
2025-11-04 09:27:57,005 [INFO] CADModel:105 - Init CAD model plugin
2025-11-04 09:27:57,005 [INFO] PluginManage:359 - Loaded plugin cadmodel (category:power,tabindex:5)
2025-11-04 09:27:57,005 [INFO] PluginManage:310 - Check plugin clock
2025-11-04 09:27:57,016 [INFO] PluginManage:359 - Loaded plugin clock (category:base,tabindex:2)
2025-11-04 09:27:57,016 [INFO] PluginManage:310 - Check plugin ddr
2025-11-04 09:27:57,018 [INFO] PluginManage:359 - Loaded plugin ddr (category:tool,tabindex:6)
2025-11-04 09:27:57,018 [INFO] PluginManage:310 - Check plugin filemanager
2025-11-04 09:27:57,163 [INFO] PluginManage:359 - Loaded plugin filemanager (category:base,tabindex:10)
2025-11-04 09:27:57,163 [INFO] PluginManage:310 - Check plugin ipmanager
2025-11-04 09:27:57,173 [INFO] PluginManage:359 - Loaded plugin ipmanager (category:base,tabindex:5)
2025-11-04 09:27:57,173 [INFO] PluginManage:310 - Check plugin lpbam
2025-11-04 09:27:57,182 [INFO] PluginManage:359 - Loaded plugin lpbam (category:base,tabindex:0)
2025-11-04 09:27:57,182 [INFO] PluginManage:310 - Check plugin memorymap
2025-11-04 09:27:57,200 [INFO] PluginManage:359 - Loaded plugin memorymap (category:base,tabindex:4)
2025-11-04 09:27:57,200 [INFO] PluginManage:310 - Check plugin pinoutandconfiguration
2025-11-04 09:27:57,213 [INFO] PluginManage:359 - Loaded plugin pinoutandconfiguration (category:base,tabindex:1)
2025-11-04 09:27:57,213 [INFO] PluginManage:310 - Check plugin pinoutconfig
2025-11-04 09:27:57,306 [WARN] SupportedApi:132 - Cannot load RTOS API schema: s4s-elt-must-match.1: The content of 'definitions' must match (annotation?, (simpleType | complexType)?, (unique | key | keyref)*)). A problem was found starting at: attribute.
2025-11-04 09:27:57,479 [INFO] PluginManage:359 - Loaded plugin pinoutconfig (category:base,tabindex:0)
2025-11-04 09:27:57,479 [INFO] PluginManage:310 - Check plugin power
2025-11-04 09:27:57,495 [INFO] PluginManage:359 - Loaded plugin power (category:power,tabindex:4)
2025-11-04 09:27:57,495 [INFO] PluginManage:310 - Check plugin projectmanager
2025-11-04 09:27:57,511 [INFO] PluginManage:359 - Loaded plugin projectmanager (category:projectmanager,tabindex:4)
2025-11-04 09:27:57,511 [INFO] PluginManage:310 - Check plugin rif
2025-11-04 09:27:57,523 [INFO] PluginManage:359 - Loaded plugin rif (category:base,tabindex:3)
2025-11-04 09:27:57,523 [INFO] PluginManage:310 - Check plugin thirdparty
2025-11-04 09:27:57,680 [INFO] PluginManage:359 - Loaded plugin thirdparty (category:base,tabindex:-1)
2025-11-04 09:27:57,680 [WARN] IntegrityCheckThread:84 - waiting for thirdparty lock release [integrity check]
2025-11-04 09:27:57,680 [INFO] IntegrityCheckThread:86 - entering critical section [integrity check]
2025-11-04 09:27:57,680 [INFO] PluginManage:310 - Check plugin tools
2025-11-04 09:27:57,680 [INFO] ThirdPartyUpdaterWithRetryManager:70 - Updater plugin not ready yet. [1/15]
2025-11-04 09:27:57,684 [INFO] PluginManage:359 - Loaded plugin tools (category:base,tabindex:7)
2025-11-04 09:27:57,684 [INFO] PluginManage:310 - Check plugin tutovideos
2025-11-04 09:27:57,894 [INFO] PluginManage:359 - Loaded plugin tutovideos (category:base,tabindex:-1)
2025-11-04 09:27:57,894 [INFO] PluginManage:310 - Check plugin updater
2025-11-04 09:27:57,921 [INFO] PluginManage:359 - Loaded plugin updater (category:base,tabindex:12)
2025-11-04 09:27:57,921 [INFO] PluginManage:310 - Check plugin userauth
2025-11-04 09:27:57,926 [INFO] UserAuth:118 - Init User Auth plugin
2025-11-04 09:27:57,926 [INFO] PluginManage:359 - Loaded plugin userauth (category:base,tabindex:14)
2025-11-04 09:27:57,927 [INFO] PluginManage:283 - PluginManage : Loaded plugins [18]
2025-11-04 09:27:58,158 [INFO] PinOutPanel:1589 - setPackage(No Configuration,No Configuration)
2025-11-04 09:27:58,261 [INFO] CADModel:165 - CPN selected for project level
2025-11-04 09:27:58,262 [INFO] CADModel:114 - Register for checkConnection events
2025-11-04 09:27:58,287 [INFO] IPUIPlugin:80 - create IPUIPlugin
2025-11-04 09:27:58,288 [INFO] PluginManager:220 - loadIPPluginJar : add adc
2025-11-04 09:27:58,292 [INFO] IPUIPlugin:80 - create IPUIPlugin
2025-11-04 09:27:58,292 [INFO] PluginManager:220 - loadIPPluginJar : add aes
2025-11-04 09:27:58,295 [INFO] IPUIPlugin:80 - create IPUIPlugin
2025-11-04 09:27:58,295 [INFO] PluginManager:220 - loadIPPluginJar : add can
2025-11-04 09:27:58,296 [INFO] IPUIPlugin:80 - create IPUIPlugin
2025-11-04 09:27:58,297 [INFO] PluginManager:220 - loadIPPluginJar : add comp
2025-11-04 09:27:58,301 [INFO] IPUIPlugin:80 - create IPUIPlugin
2025-11-04 09:27:58,301 [INFO] PluginManager:220 - loadIPPluginJar : add cryp
2025-11-04 09:27:58,305 [INFO] IPUIPlugin:80 - create IPUIPlugin
2025-11-04 09:27:58,305 [INFO] PluginManager:220 - loadIPPluginJar : add ddr_ctrl_phy
2025-11-04 09:27:58,308 [INFO] IPUIPlugin:80 - create IPUIPlugin
2025-11-04 09:27:58,308 [INFO] PluginManager:220 - loadIPPluginJar : add dfsdm
2025-11-04 09:27:58,314 [INFO] IPUIPlugin:80 - create IPUIPlugin
2025-11-04 09:27:58,314 [INFO] PluginManager:220 - loadIPPluginJar : add dma
2025-11-04 09:27:58,318 [INFO] IPUIPlugin:80 - create IPUIPlugin
2025-11-04 09:27:58,318 [INFO] PluginManager:220 - loadIPPluginJar : add dma3
2025-11-04 09:27:58,321 [INFO] IPUIPlugin:80 - create IPUIPlugin
2025-11-04 09:27:58,322 [INFO] PluginManager:220 - loadIPPluginJar : add extmemmanager
2025-11-04 09:27:58,324 [INFO] IPUIPlugin:80 - create IPUIPlugin
2025-11-04 09:27:58,324 [INFO] PluginManager:220 - loadIPPluginJar : add fatfs
2025-11-04 09:27:58,329 [INFO] IPUIPlugin:80 - create IPUIPlugin
2025-11-04 09:27:58,329 [INFO] PluginManager:220 - loadIPPluginJar : add fmc
2025-11-04 09:27:58,338 [INFO] IPUIPlugin:80 - create IPUIPlugin
2025-11-04 09:27:58,338 [INFO] PluginManager:220 - loadIPPluginJar : add freertos
2025-11-04 09:27:58,340 [INFO] IPUIPlugin:80 - create IPUIPlugin
2025-11-04 09:27:58,340 [INFO] PluginManager:220 - loadIPPluginJar : add genericplugin
2025-11-04 09:27:58,344 [INFO] IPUIPlugin:80 - create IPUIPlugin
2025-11-04 09:27:58,344 [INFO] PluginManager:220 - loadIPPluginJar : add gfxmmu
2025-11-04 09:27:58,350 [INFO] IPUIPlugin:80 - create IPUIPlugin
2025-11-04 09:27:58,350 [INFO] PluginManager:220 - loadIPPluginJar : add gic
2025-11-04 09:27:58,355 [INFO] IPUIPlugin:80 - create IPUIPlugin
2025-11-04 09:27:58,356 [INFO] PluginManager:220 - loadIPPluginJar : add gpio
2025-11-04 09:27:58,360 [INFO] IPUIPlugin:80 - create IPUIPlugin
2025-11-04 09:27:58,360 [INFO] PluginManager:220 - loadIPPluginJar : add gtzc
2025-11-04 09:27:58,363 [INFO] IPUIPlugin:80 - create IPUIPlugin
2025-11-04 09:27:58,363 [INFO] PluginManager:220 - loadIPPluginJar : add hash
2025-11-04 09:27:58,366 [INFO] IPUIPlugin:80 - create IPUIPlugin
2025-11-04 09:27:58,366 [INFO] PluginManager:220 - loadIPPluginJar : add i2c
2025-11-04 09:27:58,370 [INFO] IPUIPlugin:80 - create IPUIPlugin
2025-11-04 09:27:58,370 [INFO] PluginManager:220 - loadIPPluginJar : add i2s
2025-11-04 09:27:58,377 [INFO] IPUIPlugin:80 - create IPUIPlugin
2025-11-04 09:27:58,377 [INFO] PluginManager:220 - loadIPPluginJar : add i3c
2025-11-04 09:27:58,381 [INFO] IPUIPlugin:80 - create IPUIPlugin
2025-11-04 09:27:58,381 [INFO] PluginManager:220 - loadIPPluginJar : add ipddr
2025-11-04 09:27:58,389 [INFO] IPUIPlugin:80 - create IPUIPlugin
2025-11-04 09:27:58,389 [INFO] PluginManager:220 - loadIPPluginJar : add linkedlist
2025-11-04 09:27:58,393 [INFO] IPUIPlugin:80 - create IPUIPlugin
2025-11-04 09:27:58,393 [INFO] PluginManager:220 - loadIPPluginJar : add lorawan
2025-11-04 09:27:58,395 [INFO] IPUIPlugin:80 - create IPUIPlugin
2025-11-04 09:27:58,395 [INFO] PluginManager:220 - loadIPPluginJar : add ltdc
2025-11-04 09:27:58,403 [INFO] IPUIPlugin:80 - create IPUIPlugin
2025-11-04 09:27:58,403 [INFO] PluginManager:220 - loadIPPluginJar : add mdma
2025-11-04 09:27:58,407 [INFO] IPUIPlugin:80 - create IPUIPlugin
2025-11-04 09:27:58,407 [INFO] PluginManager:220 - loadIPPluginJar : add nvic
2025-11-04 09:27:58,411 [INFO] IPUIPlugin:80 - create IPUIPlugin
2025-11-04 09:27:58,411 [INFO] PluginManager:220 - loadIPPluginJar : add opamp
2025-11-04 09:27:58,415 [INFO] IPUIPlugin:80 - create IPUIPlugin
2025-11-04 09:27:58,415 [INFO] PluginManager:220 - loadIPPluginJar : add openamp
2025-11-04 09:27:58,419 [INFO] IPUIPlugin:80 - create IPUIPlugin
2025-11-04 09:27:58,419 [INFO] PluginManager:220 - loadIPPluginJar : add pdm2pcm
2025-11-04 09:27:58,425 [INFO] IPUIPlugin:80 - create IPUIPlugin
2025-11-04 09:27:58,427 [INFO] PluginManager:220 - loadIPPluginJar : add plateformsettings
2025-11-04 09:27:58,429 [INFO] IPUIPlugin:80 - create IPUIPlugin
2025-11-04 09:27:58,429 [INFO] PluginManager:220 - loadIPPluginJar : add quadspi
2025-11-04 09:27:58,432 [INFO] IPUIPlugin:80 - create IPUIPlugin
2025-11-04 09:27:58,432 [INFO] PluginManager:220 - loadIPPluginJar : add radio
2025-11-04 09:27:58,437 [INFO] IPUIPlugin:80 - create IPUIPlugin
2025-11-04 09:27:58,437 [INFO] PluginManager:220 - loadIPPluginJar : add resmgrutility
2025-11-04 09:27:58,440 [INFO] IPUIPlugin:80 - create IPUIPlugin
2025-11-04 09:27:58,440 [INFO] PluginManager:220 - loadIPPluginJar : add sai
2025-11-04 09:27:58,442 [INFO] IPUIPlugin:80 - create IPUIPlugin
2025-11-04 09:27:58,442 [INFO] PluginManager:220 - loadIPPluginJar : add spi
2025-11-04 09:27:58,448 [INFO] IPUIPlugin:80 - create IPUIPlugin
2025-11-04 09:27:58,448 [INFO] PluginManager:220 - loadIPPluginJar : add stm32_wpan
2025-11-04 09:27:58,450 [INFO] IPUIPlugin:80 - create IPUIPlugin
2025-11-04 09:27:58,450 [INFO] PluginManager:220 - loadIPPluginJar : add tim
2025-11-04 09:27:58,454 [INFO] IPUIPlugin:80 - create IPUIPlugin
2025-11-04 09:27:58,455 [INFO] PluginManager:220 - loadIPPluginJar : add touchsensing
2025-11-04 09:27:58,457 [INFO] IPUIPlugin:80 - create IPUIPlugin
2025-11-04 09:27:58,457 [INFO] PluginManager:220 - loadIPPluginJar : add tracer_emb
2025-11-04 09:27:58,460 [INFO] IPUIPlugin:80 - create IPUIPlugin
2025-11-04 09:27:58,460 [INFO] PluginManager:220 - loadIPPluginJar : add ts
2025-11-04 09:27:58,462 [INFO] IPUIPlugin:80 - create IPUIPlugin
2025-11-04 09:27:58,462 [INFO] PluginManager:220 - loadIPPluginJar : add tsc
2025-11-04 09:27:58,464 [INFO] IPUIPlugin:80 - create IPUIPlugin
2025-11-04 09:27:58,464 [INFO] PluginManager:220 - loadIPPluginJar : add ucpd
2025-11-04 09:27:58,467 [INFO] IPUIPlugin:80 - create IPUIPlugin
2025-11-04 09:27:58,467 [INFO] PluginManager:220 - loadIPPluginJar : add usart
2025-11-04 09:27:58,472 [INFO] IPUIPlugin:80 - create IPUIPlugin
2025-11-04 09:27:58,472 [INFO] PluginManager:220 - loadIPPluginJar : add usbx
2025-11-04 09:27:58,606 [FATAL] Updater:351 - Updater called before beeing initialized
2025-11-04 09:27:58,637 [INFO] RulesReader:64 - Compatibility file has been processed (302 Rules)
2025-11-04 09:27:58,648 [INFO] RulesReader:64 - Compatibility file has been processed (302 Rules)
2025-11-04 09:27:58,655 [INFO] CADModel:165 - CPN selected for project level
2025-11-04 09:27:58,655 [INFO] CADModel:114 - Register for checkConnection events
2025-11-04 09:27:58,655 [FATAL] Updater:351 - Updater called before beeing initialized
2025-11-04 09:27:58,655 [ERROR] CADModel:125 - Updater not yet initialized, retry later 
2025-11-04 09:27:58,809 [FATAL] Updater:351 - Updater called before beeing initialized
2025-11-04 09:27:58,812 [INFO] CADModel:165 - CPN selected for project level
2025-11-04 09:27:58,812 [INFO] CADModel:114 - Register for checkConnection events
2025-11-04 09:27:58,812 [FATAL] Updater:351 - Updater called before beeing initialized
2025-11-04 09:27:58,812 [ERROR] CADModel:125 - Updater not yet initialized, retry later 
2025-11-04 09:27:58,816 [FATAL] Updater:351 - Updater called before beeing initialized
2025-11-04 09:27:58,924 [FATAL] Updater:351 - Updater called before beeing initialized
2025-11-04 09:27:58,929 [INFO] DbMcusAds:53 - JSON generation date=Thu Oct 02 15:06:05 IST 2025 (1759397765645)
2025-11-04 09:27:58,929 [FATAL] Updater:351 - Updater called before beeing initialized
2025-11-04 09:27:58,970 [WARN] DetailPanel:346 - Failed to get advertising image, set to default
2025-11-04 09:27:59,194 [FATAL] Updater:351 - Updater called before beeing initialized
2025-11-04 09:27:59,197 [FATAL] Updater:351 - Updater called before beeing initialized
2025-11-04 09:27:59,197 [FATAL] Updater:351 - Updater called before beeing initialized
2025-11-04 09:27:59,197 [WARN] DetailPanel:346 - Failed to get advertising image, set to default
2025-11-04 09:27:59,197 [FATAL] Updater:351 - Updater called before beeing initialized
2025-11-04 09:27:59,243 [ERROR] Updater:1198 - MainUpdater not yet initialized. External WinMGr cannot be set.
2025-11-04 09:27:59,246 [INFO] Updater:1134 - Updater Version found : 6.14.1
2025-11-04 09:27:59,268 [INFO] ApplicationProperties:184 - Using Application install path: C:\ST\STM32CubeIDE_1.18.1\STM32CubeIDE\plugins\com.st.stm32cube.common.mx_6.14.1.202504091515
2025-11-04 09:27:59,578 [INFO] MainUpdater:2872 - connection check result : 10
2025-11-04 09:27:59,579 [INFO] MainUpdater:289 - Updater Check For Update Now.
2025-11-04 09:27:59,579 [INFO] MicroXplorer:498 - Change Database Version : DB.6.0.141
2025-11-04 09:27:59,586 [INFO] McuFinderGlobals:63 - Set McuFinder mode to 2 (CubeIDE integrated)
2025-11-04 09:27:59,588 [INFO] UserAuth:484 - Internet connection configuration mode: 1
2025-11-04 09:27:59,621 [INFO] JxBrowserEngine:152 - Initiate JxBrowser Engine with user profile folder
2025-11-04 09:27:59,772 [INFO] CheckServerUpdateThread:120 - End of CheckServer Thread
2025-11-04 09:28:01,188 [INFO] WebApp:169 - Instantiating new browser for Auth
2025-11-04 09:28:01,219 [WARN] PackLoader:240 - Cannot read IP mode file for STMicroelectronics.FP-SNS-MOTENVWB1.1.4.0
2025-11-04 09:28:01,237 [WARN] PackLoader:240 - Cannot read IP mode file for STMicroelectronics.FP-ATR-ASTRA1.2.0.2
2025-11-04 09:28:01,253 [WARN] PackLoader:240 - Cannot read IP mode file for STMicroelectronics.X-CUBE-SMBUS.2.1.0
2025-11-04 09:28:01,307 [WARN] PackLoader:240 - Cannot read IP mode file for STMicroelectronics.X-CUBE-AZRTOS-F7.1.1.0
2025-11-04 09:28:01,328 [WARN] PackLoader:240 - Cannot read IP mode file for Cesanta.I-CUBE-Mongoose.7.19.0
2025-11-04 09:28:01,337 [ERROR] Engine:466 - C:\Users\siree\.stm32cubemx\thirdparties\pdsc\STMicroelectronics.FP-SNS-MOTENV1.5.1.0.pdsc: PDSC version is not supported
2025-11-04 09:28:01,350 [ERROR] Engine:466 - C:\Users\siree\.stm32cubemx\thirdparties\pdsc\WES.I-CUBE-Cesium.1.4.0.pdsc: PDSC version is not supported
2025-11-04 09:28:01,416 [WARN] PackLoader:240 - Cannot read IP mode file for Infineon.AIROC-Wi-Fi-Bluetooth-STM32.1.7.1
2025-11-04 09:28:01,483 [WARN] PackLoader:240 - Cannot read IP mode file for STMicroelectronics.X-CUBE-AZRTOS-H7.3.4.0
2025-11-04 09:28:01,500 [WARN] PackLoader:240 - Cannot read IP mode file for STMicroelectronics.X-CUBE-DISPLAY.3.0.0
2025-11-04 09:28:01,518 [WARN] PackLoader:240 - Cannot read IP mode file for STMicroelectronics.X-CUBE-NFC10.1.0.0
2025-11-04 09:28:01,527 [WARN] PackLoader:240 - Cannot read IP mode file for STMicroelectronics.X-CUBE-ST60.1.1.0
2025-11-04 09:28:01,535 [WARN] PackLoader:240 - Cannot read IP mode file for emotas.I-CUBE-CANOPEN.1.3.0
2025-11-04 09:28:01,542 [WARN] PackLoader:240 - Cannot read IP mode file for STMicroelectronics.X-CUBE-GNSS1.7.1.0
2025-11-04 09:28:01,546 [ERROR] Engine:466 - C:\Users\siree\.stm32cubemx\thirdparties\pdsc\STMicroelectronics.FP-SNS-STBOX1.2.1.0.pdsc: PDSC version is not supported
2025-11-04 09:28:01,552 [WARN] PackLoader:240 - Cannot read IP mode file for STMicroelectronics.FP-SNS-SMARTAG2.1.2.0
2025-11-04 09:28:01,557 [WARN] PackLoader:240 - Cannot read IP mode file for STMicroelectronics.FP-SNS-FLIGHT1.5.1.0
2025-11-04 09:28:01,568 [INFO] LogOutputStream:77 - [STDOUT_REDIRECT] 1 : Invalid condition id : UX_CORESTACK_Condition cause : null
2025-11-04 09:28:01,570 [INFO] LogOutputStream:77 - [STDOUT_REDIRECT] 1 : Invalid condition id : UX_CORESTACK_Condition cause : null
2025-11-04 09:28:01,571 [INFO] LogOutputStream:77 - [STDOUT_REDIRECT] 1 : Invalid condition id : UX_CORESTACK_Condition cause : null
2025-11-04 09:28:01,572 [INFO] LogOutputStream:77 - [STDOUT_REDIRECT] 1 : Invalid condition id : UX_CORESTACK_Condition cause : null
2025-11-04 09:28:01,573 [INFO] LogOutputStream:77 - [STDOUT_REDIRECT] 1 : Invalid condition id : UX_CORESTACK_Condition cause : null
2025-11-04 09:28:01,576 [WARN] PackLoader:240 - Cannot read IP mode file for STMicroelectronics.X-CUBE-AZRTOS-WL.2.0.0
2025-11-04 09:28:01,585 [WARN] PackLoader:240 - Cannot read IP mode file for STMicroelectronics.X-CUBE-BLE2.3.3.0
2025-11-04 09:28:01,592 [WARN] PackLoader:240 - Cannot read IP mode file for STMicroelectronics.X-CUBE-NFC9.1.0.0
2025-11-04 09:28:01,600 [WARN] PackLoader:240 - Cannot read IP mode file for wolfSSL.I-CUBE-wolfSSL.5.8.2
2025-11-04 09:28:01,605 [WARN] PackLoader:240 - Cannot read IP mode file for STMicroelectronics.X-CUBE-BLE1.7.1.0
2025-11-04 09:28:01,610 [WARN] PackLoader:240 - Cannot read IP mode file for wolfSSL.I-CUBE-wolfMQTT.1.19.2
2025-11-04 09:28:01,617 [WARN] PackLoader:240 - Cannot read IP mode file for STMicroelectronics.X-CUBE-EEPRMA1.5.2.0
2025-11-04 09:28:01,621 [ERROR] Engine:466 - C:\Users\siree\.stm32cubemx\thirdparties\pdsc\STMicroelectronics.X-CUBE-ST67W61.1.1.0.pdsc: PDSC version is not supported
2025-11-04 09:28:01,636 [WARN] PackLoader:240 - Cannot read IP mode file for STMicroelectronics.X-CUBE-AZRTOS-G0.1.1.0
2025-11-04 09:28:01,645 [WARN] PackLoader:240 - Cannot read IP mode file for STMicroelectronics.X-CUBE-SAFEA1.1.2.2
2025-11-04 09:28:01,658 [WARN] PackLoader:240 - Cannot read IP mode file for STMicroelectronics.X-CUBE-NFC4.3.0.0
2025-11-04 09:28:01,669 [WARN] PackLoader:240 - Cannot read IP mode file for EmbeddedOffice.I-CUBE-FS-RTOS.1.0.1
2025-11-04 09:28:01,674 [WARN] PackLoader:240 - Cannot read IP mode file for STMicroelectronics.X-CUBE-WB05N.2.0.0
2025-11-04 09:28:01,678 [WARN] PackLoader:240 - Cannot read IP mode file for wolfSSL.I-CUBE-wolfTPM.3.8.0
2025-11-04 09:28:01,685 [WARN] PackLoader:240 - Cannot read IP mode file for STMicroelectronics.X-CUBE-TCPP.4.2.0
2025-11-04 09:28:01,693 [WARN] PackLoader:240 - Cannot read IP mode file for RealThread.X-CUBE-RT-Thread_Nano.4.1.1
2025-11-04 09:28:01,697 [WARN] PackLoader:240 - Cannot read IP mode file for STMicroelectronics.FP-ATR-SIGFOX1.3.2.0
2025-11-04 09:28:01,705 [WARN] PackLoader:240 - Cannot read IP mode file for ITTIA_DB.I-CUBE-ITTIADB.8.9.0
2025-11-04 09:28:01,710 [WARN] PackLoader:240 - Cannot read IP mode file for STMicroelectronics.X-CUBE-AI.10.2.0
2025-11-04 09:28:01,736 [WARN] PackLoader:240 - Cannot read IP mode file for SEGGER.I-CUBE-embOS.1.3.1
2025-11-04 09:28:01,765 [WARN] PackLoader:240 - Cannot read IP mode file for STMicroelectronics.X-CUBE-ALGOBUILD.1.4.0
2025-11-04 09:28:01,801 [WARN] PackLoader:240 - Cannot read IP mode file for STMicroelectronics.X-CUBE-MEMS1.11.3.0
2025-11-04 09:28:01,899 [WARN] PackLoader:240 - Cannot read IP mode file for STMicroelectronics.X-CUBE-PM33A1.1.0.0
2025-11-04 09:28:01,919 [WARN] PackLoader:240 - Cannot read IP mode file for STMicroelectronics.X-CUBE-AZRTOS-F4.1.1.0
2025-11-04 09:28:01,928 [WARN] PackLoader:240 - Cannot read IP mode file for STMicroelectronics.X-CUBE-ISPU.2.1.0
2025-11-04 09:28:01,934 [ERROR] Engine:466 - C:\Users\siree\.stm32cubemx\thirdparties\pdsc\STMicroelectronics.X-CUBE-IPS.3.2.0.pdsc: PDSC version is not supported
2025-11-04 09:28:01,946 [WARN] PackLoader:240 - Cannot read IP mode file for STMicroelectronics.X-CUBE-NFC12.1.0.0
2025-11-04 09:28:01,965 [WARN] PackLoader:240 - Cannot read IP mode file for STMicroelectronics.X-CUBE-AZRTOS-L5.2.0.0
2025-11-04 09:28:01,975 [WARN] PackLoader:240 - Cannot read IP mode file for STMicroelectronics.X-CUBE-NFC6.3.1.0
2025-11-04 09:28:01,983 [WARN] PackLoader:240 - Cannot read IP mode file for STMicroelectronics.X-CUBE-FREERTOS.1.3.1
2025-11-04 09:28:01,989 [WARN] PackLoader:240 - Cannot read IP mode file for STMicroelectronics.X-CUBE-TOUCHGFX.4.26.0
2025-11-04 09:28:01,994 [WARN] PackLoader:240 - Cannot read IP mode file for STMicroelectronics.FP-SNS-STAIOTCFT.1.0.0
2025-11-04 09:28:02,001 [WARN] PackLoader:240 - Cannot read IP mode file for STMicroelectronics.X-CUBE-DPower.1.3.0
2025-11-04 09:28:02,026 [WARN] ConditionMgr:438 - getConditionDescription Invalid condition id : LAN8742 Phy interface Condition cause : null
2025-11-04 09:28:02,028 [WARN] PackLoader:240 - Cannot read IP mode file for STMicroelectronics.X-CUBE-AZRTOS-L4.2.0.0
2025-11-04 09:28:02,029 [WARN] ConditionMgr:1044 - genDependencies : Invalid condition id : LAN8742 Phy interface Condition cause : null
2025-11-04 09:28:02,029 [WARN] ConditionMgr:1044 - genDependencies : Invalid condition id : LAN8742 Phy interface Condition cause : null
2025-11-04 09:28:02,029 [WARN] ConditionMgr:1044 - genDependencies : Invalid condition id : LAN8742 Phy interface Condition cause : null
2025-11-04 09:28:02,041 [WARN] PackLoader:240 - Cannot read IP mode file for STMicroelectronics.X-CUBE-SFXS2LP1.4.0.0
2025-11-04 09:28:02,054 [WARN] PackLoader:240 - Cannot read IP mode file for STMicroelectronics.X-CUBE-BLEMGR.4.1.0
2025-11-04 09:28:02,072 [WARN] ConditionMgr:438 - getConditionDescription Invalid condition id : UX DEVICE CLASS RTOS Condition cause : null
2025-11-04 09:28:02,072 [WARN] ConditionMgr:438 - getConditionDescription Invalid condition id : UX DEVICE CLASS RTOS Condition cause : null
2025-11-04 09:28:02,075 [WARN] PackLoader:240 - Cannot read IP mode file for STMicroelectronics.X-CUBE-AZRTOS-WB.2.0.0
2025-11-04 09:28:02,076 [WARN] ConditionMgr:1044 - genDependencies : Invalid condition id : UX DEVICE CLASS RTOS Condition cause : null
2025-11-04 09:28:02,076 [WARN] ConditionMgr:1044 - genDependencies : Invalid condition id : UX DEVICE CLASS RTOS Condition cause : null
2025-11-04 09:28:02,076 [WARN] ConditionMgr:1044 - genDependencies : Invalid condition id : UX DEVICE CLASS RTOS Condition cause : null
2025-11-04 09:28:02,077 [WARN] ConditionMgr:1044 - genDependencies : Invalid condition id : UX DEVICE CLASS RTOS Condition cause : null
2025-11-04 09:28:02,077 [WARN] ConditionMgr:1044 - genDependencies : Invalid condition id : UX DEVICE CLASS RTOS Condition cause : null
2025-11-04 09:28:02,083 [WARN] PackLoader:240 - Cannot read IP mode file for STMicroelectronics.X-CUBE-GNSS1.7.0.1
2025-11-04 09:28:02,089 [WARN] ConditionMgr:438 - getConditionDescription Invalid condition id : Cortex-A Device cause : null
2025-11-04 09:28:02,112 [WARN] ConditionMgr:1044 - genDependencies : Invalid condition id : Cortex-A Device cause : null
2025-11-04 09:28:02,112 [WARN] ConditionMgr:1044 - genDependencies : Invalid condition id : Cortex-A Device cause : null
2025-11-04 09:28:02,113 [WARN] ConditionMgr:1044 - genDependencies : Invalid condition id : Cortex-A Device cause : null
2025-11-04 09:28:02,123 [WARN] PackLoader:240 - Cannot read IP mode file for STMicroelectronics.X-CUBE-SUBG2.5.0.0
2025-11-04 09:28:02,169 [WARN] PackLoader:240 - Cannot read IP mode file for STMicroelectronics.X-CUBE-AZRTOS-H7RS.1.1.0
2025-11-04 09:28:02,187 [WARN] PackLoader:240 - Cannot read IP mode file for STMicroelectronics.X-CUBE-AZRTOS-G4.2.0.0
2025-11-04 09:28:02,195 [WARN] PackLoader:240 - Cannot read IP mode file for wolfSSL.I-CUBE-wolfSSH.1.4.20
2025-11-04 09:28:02,201 [WARN] PackLoader:240 - Cannot read IP mode file for STMicroelectronics.X-CUBE-NFC7.2.0.0
2025-11-04 09:28:02,207 [WARN] PackLoader:240 - Cannot read IP mode file for STMicroelectronics.X-CUBE-ALS.1.0.2
2025-11-04 09:28:02,214 [WARN] PackLoader:240 - Cannot read IP mode file for STMicroelectronics.X-CUBE-STSE01.1.0.0
2025-11-04 09:28:02,226 [WARN] PackLoader:240 - Cannot read IP mode file for STMicroelectronics.X-CUBE-TOF1.3.4.3
2025-11-04 09:28:02,237 [INFO] ThirdParty:978 - Integrity check success = true
2025-11-04 09:28:02,237 [INFO] IntegrityCheckThread:100 - exiting critical section [integrity check]
2025-11-04 09:28:02,237 [INFO] IntegrityCheckThread:103 - End integrity checks thread
2025-11-04 09:28:02,612 [INFO] WebApp:463 - Apply proxy settings
2025-11-04 09:28:02,613 [INFO] WebApp:548 - Chromium requires no authentication
2025-11-04 09:28:02,622 [INFO] WebApp:491 - Direct internet connection detected
2025-11-04 09:28:02,654 [INFO] WebApp:894 - Register for checkConnection events
2025-11-04 09:28:02,654 [INFO] WebApp:463 - Apply proxy settings
2025-11-04 09:28:02,654 [INFO] WebApp:548 - Chromium requires no authentication
2025-11-04 09:28:02,654 [INFO] WebApp:491 - Direct internet connection detected
2025-11-04 09:28:02,835 [INFO] WebApp:225 - Starting web application
2025-11-04 09:28:02,835 [INFO] WebApp:593 - Web application path used C:\ST\STM32CubeIDE_1.18.1\STM32CubeIDE\plugins\com.st.stm32cube.common.mx_6.14.1.202504091515\db\plugins\mcufinder\reactClient1\index.html
2025-11-04 09:28:02,835 [INFO] WebApp:191 - Connection restablished
2025-11-04 09:28:02,935 [INFO] UserAuth:484 - Internet connection configuration mode: 1
2025-11-04 10:22:01,556 [INFO] WebApp:194 - Connection lost
2025-11-04 10:22:02,024 [INFO] WebApp:191 - Connection restablished
2025-11-04 11:17:07,523 [ERROR] LogOutputStream:75 - [STDERR_REDIRECT] 
