../Drivers/CMSIS/Include/core_cm4.h:2059:26:ITM_SendChar	16	static,ignoring_inline_asm
../Core/Src/main.c:64:6:debug_printf	272	static
../Core/Src/main.c:110:5:main	56	static
../Core/Src/main.c:209:6:SystemClock_Config	96	static
../Core/Src/main.c:259:13:MX_USART2_UART_Init	8	static
../Core/Src/main.c:294:13:MX_GPIO_Init	48	static
../Core/Src/main.c:329:6:vTask1_menu_display	24	static
../Core/Src/main.c:339:6:vTask2_cmd_handling	40	static
../Core/Src/main.c:349:6:vTask3_cmd_processing	16	static
../Core/Src/main.c:356:6:vTask4_uart_write	24	static
../Core/Src/main.c:365:6:HAL_UART_RxCpltCallback	16	static
../Core/Src/main.c:393:6:StartDefaultTask	16	static
../Core/Src/main.c:408:6:Error_Handler	4	static,ignoring_inline_asm
