16:24:24 **** Incremental Build of configuration Debug for project 08_HAL_UART_interrupt ****
make -j8 all 
arm-none-eabi-gcc "../Core/Src/main.c" -mcpu=cortex-m4 -std=gnu11 -g3 -DDEBUG -DUSE_HAL_DRIVER -DSTM32L476xx -c -I../Core/Inc -I../Drivers/STM32L4xx_HAL_Driver/Inc -I../Drivers/STM32L4xx_HAL_Driver/Inc/Legacy -I../Drivers/CMSIS/Device/ST/STM32L4xx/Include -I../Drivers/CMSIS/Include -O0 -ffunction-sections -fdata-sections -Wall -fstack-usage -fcyclomatic-complexity -MMD -MP -MF"Core/Src/main.d" -MT"Core/Src/main.o" --specs=nano.specs -mfpu=fpv4-sp-d16 -mfloat-abi=hard -mthumb -o "Core/Src/main.o"
arm-none-eabi-gcc -o "08_HAL_UART_interrupt.elf" @"objects.list"   -mcpu=cortex-m4 -T"C:\stm32\08_HAL_UART_interrupt\STM32L476RGTX_FLASH.ld" --specs=nosys.specs -Wl,-Map="08_HAL_UART_interrupt.map" -Wl,--gc-sections -static --specs=nano.specs -mfpu=fpv4-sp-d16 -mfloat-abi=hard -mthumb -Wl,--start-group -lc -lm -Wl,--end-group
Finished building target: 08_HAL_UART_interrupt.elf
 
arm-none-eabi-size  08_HAL_UART_interrupt.elf 
arm-none-eabi-objdump -h -S 08_HAL_UART_interrupt.elf  > "08_HAL_UART_interrupt.list"
   text	   data	    bss	    dec	    hex	filename
  13328	     44	   1724	  15096	   3af8	08_HAL_UART_interrupt.elf
Finished building: default.size.stdout
 
Finished building: 08_HAL_UART_interrupt.list
 

16:24:30 Build Finished. 0 errors, 0 warnings. (took 5s.565ms)

