14:26:11 **** Incremental Build of configuration Debug for project 26_UART_Interrupt ****
make -j8 all 
arm-none-eabi-gcc "../Src/main.c" -mcpu=cortex-m4 -std=gnu11 -g3 -DDEBUG -DNUCLEO_F411RE -DSTM32 -DSTM32F4 -DSTM32F411RETx -c -I../Inc -O0 -ffunction-sections -fdata-sections -Wall -fstack-usage -fcyclomatic-complexity -MMD -MP -MF"Src/main.d" -MT"Src/main.o" --specs=nano.specs -mfpu=fpv4-sp-d16 -mfloat-abi=hard -mthumb -o "Src/main.o"
arm-none-eabi-gcc "../Src/stm32f4xx_gpio_driver.c" -mcpu=cortex-m4 -std=gnu11 -g3 -DDEBUG -DNUCLEO_F411RE -DSTM32 -DSTM32F4 -DSTM32F411RETx -c -I../Inc -O0 -ffunction-sections -fdata-sections -Wall -fstack-usage -fcyclomatic-complexity -MMD -MP -MF"Src/stm32f4xx_gpio_driver.d" -MT"Src/stm32f4xx_gpio_driver.o" --specs=nano.specs -mfpu=fpv4-sp-d16 -mfloat-abi=hard -mthumb -o "Src/stm32f4xx_gpio_driver.o"
In file included from ../Inc/main.h:11,
                 from ../Src/main.c:20:
../Inc/stm32f4xx_hal.h:29:10: fatal error: stm32f4xx_hal_conf.h: No such file or directory
   29 | #include "stm32f4xx_hal_conf.h"
      |          ^~~~~~~~~~~~~~~~~~~~~~
compilation terminated.
make: *** [Src/subdir.mk:28: Src/main.o] Error 1
make: *** Waiting for unfinished jobs....
In file included from ../Inc/stm32f4xx_gpio_driver.h:11,
                 from ../Src/stm32f4xx_gpio_driver.c:8:
../Inc/stm32f4xx_hal.h:29:10: fatal error: stm32f4xx_hal_conf.h: No such file or directory
   29 | #include "stm32f4xx_hal_conf.h"
      |          ^~~~~~~~~~~~~~~~~~~~~~
compilation terminated.
make: *** [Src/subdir.mk:28: Src/stm32f4xx_gpio_driver.o] Error 1
"make -j8 all" terminated with exit code 2. Build might be incomplete.

14:26:12 Build Failed. 5 errors, 0 warnings. (took 1s.478ms)

