17:16:11 **** Incremental Build of configuration Debug for project 58_UltrasnicSensor-with_InternalFlash ****
make -j8 all 
arm-none-eabi-gcc "../Core/Src/main.c" -mcpu=cortex-m4 -std=gnu11 -g3 -DDEBUG -DUSE_HAL_DRIVER -DSTM32L476xx -c -I../Core/Inc -I../Drivers/STM32L4xx_HAL_Driver/Inc -I../Drivers/STM32L4xx_HAL_Driver/Inc/Legacy -I../Drivers/CMSIS/Device/ST/STM32L4xx/Include -I../Drivers/CMSIS/Include -O0 -ffunction-sections -fdata-sections -Wall -fstack-usage -fcyclomatic-complexity -MMD -MP -MF"Core/Src/main.d" -MT"Core/Src/main.o" --specs=nano.specs -mfpu=fpv4-sp-d16 -mfloat-abi=hard -mthumb -o "Core/Src/main.o"
arm-none-eabi-gcc -o "58_UltrasnicSensor-with_InternalFlash.elf" @"objects.list"   -mcpu=cortex-m4 -T"C:\stm32\58_UltrasnicSensor-with_InternalFlash\STM32L476RGTX_FLASH.ld" --specs=nosys.specs -Wl,-Map="58_UltrasnicSensor-with_InternalFlash.map" -Wl,--gc-sections -static --specs=nano.specs -mfpu=fpv4-sp-d16 -mfloat-abi=hard -mthumb -Wl,--start-group -lc -lm -Wl,--end-group
Finished building target: 58_UltrasnicSensor-with_InternalFlash.elf
 
arm-none-eabi-size  58_UltrasnicSensor-with_InternalFlash.elf 
arm-none-eabi-objdump -h -S 58_UltrasnicSensor-with_InternalFlash.elf  > "58_UltrasnicSensor-with_InternalFlash.list"
   text	   data	    bss	    dec	    hex	filename
  20548	    172	   2124	  22844	   593c	58_UltrasnicSensor-with_InternalFlash.elf
Finished building: default.size.stdout
 
Finished building: 58_UltrasnicSensor-with_InternalFlash.list
 

17:16:15 Build Finished. 0 errors, 0 warnings. (took 3s.550ms)

