18:58:24 **** Incremental Build of configuration Debug for project 22_I2C_Driver ****
make -j8 all 
arm-none-eabi-size  22_I2C_Driver.elf 
   text	   data	    bss	    dec	    hex	filename
  12372	     12	   1708	  14092	   370c	22_I2C_Driver.elf
Finished building: default.size.stdout
 
18:58:42 **** Incremental Build of configuration Debug for project 22_I2C_Driver ****
make -j8 all 
arm-none-eabi-size  22_I2C_Driver.elf 
   text	   data	    bss	    dec	    hex	filename
  12372	     12	   1708	  14092	   370c	22_I2C_Driver.elf
Finished building: default.size.stdout
 
19:01:32 **** Incremental Build of configuration Debug for project 22_I2C_Driver ****
make -j8 all 
arm-none-eabi-size  22_I2C_Driver.elf 
   text	   data	    bss	    dec	    hex	filename
  12372	     12	   1708	  14092	   370c	22_I2C_Driver.elf
Finished building: default.size.stdout
 
